6*6=36 6*7=:=) 6*8=48 
7*6=:=) 7*7=49 7*8=56 
8*6=48 8*7=56 8*8=64 
