19*19=361 19*20=380 19*21=399 
20*19=380 20*20=400 20*21=:=) 
21*19=399 21*20=:=) 21*21=441 
