OOOTORTOR, OORTORTOR, OOTOROTOR, OOTORRTOR, OOTORTORO, OOTORTORR, OOTORTORT, OOTORTTOR, OOTTORTOR, OROTORTOR, ORRTORTOR, ORTOROTOR, ORTORRTOR, ORTORTORO, ORTORTORR, ORTORTORT, ORTORTTOR, ORTTORTOR, OTOROOTOR, OTORORTOR, OTOROTORO, OTOROTORR, OTOROTORT, OTOROTTOR, OTORROTOR, OTORRRTOR, OTORRTORO, OTORRTORR, OTORRTORT, OTORRTTOR, OTORTOROO, OTORTOROR, OTORTOROT, OTORTORRO, OTORTORRR, OTORTORRT, OTORTORTO, OTORTORTR, OTORTORTT, OTORTOTOR, OTORTRTOR, OTORTTORO, OTORTTORR, OTORTTORT, OTORTTTOR, OTOTORTOR, OTRTORTOR, OTTOROTOR, OTTORRTOR, OTTORTORO, OTTORTORR, OTTORTORT, OTTORTTOR, OTTTORTOR, ROOTORTOR, RORTORTOR, ROTOROTOR, ROTORRTOR, ROTORTORO, ROTORTORR, ROTORTORT, ROTORTTOR, ROTTORTOR, RROTORTOR, RRRTORTOR, RRTOROTOR, RRTORRTOR, RRTORTORO, RRTORTORR, RRTORTORT, RRTORTTOR, RRTTORTOR, RTOROOTOR, RTORORTOR, RTOROTORO, RTOROTORR, RTOROTORT, RTOROTTOR, RTORROTOR, RTORRRTOR, RTORRTORO, RTORRTORR, RTORRTORT, RTORRTTOR, RTORTOROO, RTORTOROR, RTORTOROT, RTORTORRO, RTORTORRR, RTORTORRT, RTORTORTO, RTORTORTR, RTORTORTT, RTORTOTOR, RTORTRTOR, RTORTTORO, RTORTTORR, RTORTTORT, RTORTTTOR, RTOTORTOR, RTRTORTOR, RTTOROTOR, RTTORRTOR, RTTORTORO, RTTORTORR, RTTORTORT, RTTORTTOR, RTTTORTOR, TOOTORTOR, TOROOOTOR, TOROORTOR, TOROOTORO, TOROOTORR, TOROOTORT, TOROOTTOR, TOROROTOR, TORORRTOR, TORORTORO, TORORTORR, TORORTORT, TORORTTOR, TOROTOROO, TOROTOROR, TOROTOROT, TOROTORRO, TOROTORRR, TOROTORRT, TOROTORTO, TOROTORTR, TOROTORTT, TOROTOTOR, TOROTRTOR, TOROTTORO, TOROTTORR, TOROTTORT, TOROTTTOR, TORROOTOR, TORRORTOR, TORROTORO, TORROTORR, TORROTORT, TORROTTOR, TORRROTOR, TORRRRTOR, TORRRTORO, TORRRTORR, TORRRTORT, TORRRTTOR, TORRTOROO, TORRTOROR, TORRTOROT, TORRTORRO, TORRTORRR, TORRTORRT, TORRTORTO, TORRTORTR, TORRTORTT, TORRTOTOR, TORRTRTOR, TORRTTORO, TORRTTORR, TORRTTORT, TORRTTTOR, TORTOOTOR, TORTOROOO, TORTOROOR, TORTOROOT, TORTORORO, TORTORORR, TORTORORT, TORTOROTO, TORTOROTR, TORTOROTT, TORTORROO, TORTORROR, TORTORROT, TORTORRRO, TORTORRRR, TORTORRRT, TORTORRTO, TORTORRTR, TORTORRTT, TORTORTOO, TORTORTOT, TORTORTRO, TORTORTRR, TORTORTRT, TORTORTTO, TORTORTTR, TORTORTTT, TORTOTORO, TORTOTORR, TORTOTORT, TORTOTTOR, TORTROTOR, TORTRRTOR, TORTRTORO, TORTRTORR, TORTRTORT, TORTRTTOR, TORTTOROO, TORTTOROR, TORTTOROT, TORTTORRO, TORTTORRR, TORTTORRT, TORTTORTO, TORTTORTR, TORTTORTT, TORTTOTOR, TORTTRTOR, TORTTTORO, TORTTTORR, TORTTTORT, TORTTTTOR, TOTOROTOR, TOTORRTOR, TOTORTORO, TOTORTORR, TOTORTORT, TOTORTTOR, TOTTORTOR, TROTORTOR, TRRTORTOR, TRTOROTOR, TRTORRTOR, TRTORTORO, TRTORTORR, TRTORTORT, TRTORTTOR, TRTTORTOR, TTOROOTOR, TTORORTOR, TTOROTORO, TTOROTORR, TTOROTORT, TTOROTTOR, TTORROTOR, TTORRRTOR, TTORRTORO, TTORRTORR, TTORRTORT, TTORRTTOR, TTORTOROO, TTORTOROR, TTORTOROT, TTORTORRO, TTORTORRR, TTORTORRT, TTORTORTO, TTORTORTR, TTORTORTT, TTORTOTOR, TTORTRTOR, TTORTTORO, TTORTTORR, TTORTTORT, TTORTTTOR, TTOTORTOR, TTRTORTOR, TTTOROTOR, TTTORRTOR, TTTORTORO, TTTORTORR, TTTORTORT, TTTORTTOR, TTTTORTOR
