__init__: (10,), {}
cheese: (), {}
cheese parmesan
cheese: ('maasdam',), {}
cheese maasdam
