#############
#~~~~~~~~~~~#
#~~~~~~~~~~~#
#~~~~~~~~~~~#
#~~~~~~~~~~~#
#~~~~~~~~~~~#
#~~~~~~~~~~~#
#############
..                    6/66
~~~~~~~~~~~~~~~~~~~~ 60/66
