###############
#.............#
#.............#
#~~~~~~~~~~~~~#
###############
.................... 26/39
~~~~~~~~~~           13/39
