###
#~#
#~#
#~#
#~#
#~#
#~#
#~#
#~#
#~#
#~#
#~#
#~#
#~#
#~#
#~#
#~#
#~#
#~#
#~#
#~#
#~#
#~#
#~#
#~#
#~#
#~#
#~#
#~#
#~#
#~#
#~#
#~#
#~#
#~#
#~#
#~#
#~#
#~#
###
                     0/38
~~~~~~~~~~~~~~~~~~~~ 38/38
