pabam 
pabam 
pabam pabam pabam pabam pabaaaaaaaam
pababababam
